// Jest Snapshot v1, https://goo.gl/fbAQLP

exports[`App component renders App 1`] = `
<Fragment>
  <BrowserRouter>
    <Header />
    <WithStyles(ForwardRef(Divider))
      variant="middle"
    />
    <Switch>
      <Route
        component={[Function]}
        exact={true}
        path="/login"
      />
      <Route
        component={[Function]}
        exact={true}
        path="/signup"
      />
      <Route
        component={[Function]}
        exact={true}
        path="/"
      />
      <PrivateRoute
        component={[Function]}
        exact={true}
        path="/favorites"
      />
      <Route
        component={[Function]}
        exact={true}
        path="/:title"
      />
    </Switch>
  </BrowserRouter>
</Fragment>
`;
